Gabriel@anna MINGW64 /c/Repositorios/meu-primeiro-repo (master)
$ git status
On branch master

No commits yet

Untracked files:
  (use "git add <file>..." to include in what will be committed)
        README.md
        exercicio1.txt

nothing added to commit but untracked files present (use "git add" to track)

Gabriel@anna MINGW64 /c/Repositorios/meu-primeiro-repo (master)
$ git add README.md

Gabriel@anna MINGW64 /c/Repositorios/meu-primeiro-repo (master)
$ git status
On branch master

No commits yet

Changes to be committed:
  (use "git rm --cached <file>..." to unstage)
        new file:   README.md

Untracked files:
  (use "git add <file>..." to include in what will be committed)
        exercicio1.txt