Gabriel@anna MINGW64 /c/Repositorios/meu-primeiro-repo (master)
$ git commit -m"feat/exercicio-03: Adiciona README inicial do projeto"                  
[master (root-commit) af3afd9] feat/exercicio-03: Adiciona README inicial do projeto
 1 file changed, 0 insertions(+), 0 deletions(-)
 create mode 100644 README.md

Gabriel@anna MINGW64 /c/Repositorios/meu-primeiro-repo (master)
$ git log                                                                               
commit af3afd93e73217bb73e12ab2f8180b036d22878c (HEAD -> master)
Author: Gabriel <gabrielfelix099@hotmail.com>
Date:   Mon Dec 1 08:50:38 2025 -0300

    feat/exercicio-03: Adiciona README inicial do projeto

Gabriel@anna MINGW64 /c/Repositorios/meu-primeiro-repo (master)
$ git show                                                                              
commit af3afd93e73217bb73e12ab2f8180b036d22878c (HEAD -> master)
Author: Gabriel <gabrielfelix099@hotmail.com>
Date:   Mon Dec 1 08:50:38 2025 -0300

    feat/exercicio-03: Adiciona README inicial do projeto

diff --git a/README.md b/README.md
new file mode 100644
index 0000000..e69de29

Gabriel@anna MINGW64 /c/Repositorios/meu-primeiro-repo (master)
$ git status                                                                        
On branch master
Changes not staged for commit:
  (use "git add <file>..." to update what will be committed)
  (use "git restore <file>..." to discard changes in working directory)
        modified:   README.md

Untracked files:
  (use "git add <file>..." to include in what will be committed)
        arquivo1.txt
        arquivo2.txt
        estados-git.txt
        exercicio1.txt

no changes added to commit (use "git add" and/or "git commit -a")
Gabriel@anna MINGW64 /c/Repositorios/meu-primeiro-repo (master)
$ git add arquivo1.txt arquivo2.txt                                                   

Gabriel@anna MINGW64 /c/Repositorios/meu-primeiro-repo (master)
$ git status
On branch master
Changes to be committed:
  (use "git restore --staged <file>..." to unstage)
        new file:   arquivo1.txt
        new file:   arquivo2.txt

Changes not staged for commit:
  (use "git add <file>..." to update what will be committed)
  (use "git restore <file>..." to discard changes in working directory)
        modified:   README.md

Untracked files:
  (use "git add <file>..." to include in what will be committed)
        estados-git.txt
        exercicio1.txt


Gabriel@anna MINGW64 /c/Repositorios/meu-primeiro-repo (master)
$ git add README.md 

Gabriel@anna MINGW64 /c/Repositorios/meu-primeiro-repo (master)
$ git status
On branch master
Changes to be committed:
  (use "git restore --staged <file>..." to unstage)
        modified:   README.md
        new file:   arquivo1.txt
        new file:   arquivo2.txt

Untracked files:
  (use "git add <file>..." to include in what will be committed)
        estados-git.txt
        exercicio1.txt

Gabriel@anna MINGW64 /c/Repositorios/meu-primeiro-repo (master)
$ git commit -m"feat/exercicio-3: Adicona os arquivos README, arquivo1 e arquivo2"
[master 07e4a4e] feat/exercicio-3: Adicona os arquivos README, arquivo1 e arquivo2
 3 files changed, 1 insertion(+)
 create mode 100644 arquivo1.txt
 create mode 100644 arquivo2.txt

Gabriel@anna MINGW64 /c/Repositorios/meu-primeiro-repo (master)
$ git status
On branch master
Untracked files:
  (use "git add <file>..." to include in what will be committed)
        estados-git.txt
        exercicio1.txt

nothing added to commit but untracked files present (use "git add" to track)

Gabriel@anna MINGW64 /c/Repositorios/meu-primeiro-repo (master)
$ git log
commit 07e4a4e01f85014eef7c21b128f1d09ef771c7a5 (HEAD -> master)
Author: Gabriel <gabrielfelix099@hotmail.com>
Date:   Mon Dec 1 08:54:40 2025 -0300

    feat/exercicio-3: Adicona os arquivos README, arquivo1 e arquivo2

commit af3afd93e73217bb73e12ab2f8180b036d22878c
Author: Gabriel <gabrielfelix099@hotmail.com>
Date:   Mon Dec 1 08:50:38 2025 -0300

    feat/exercicio-03: Adiciona README inicial do projeto

Gabriel@anna MINGW64 /c/Repositorios/meu-primeiro-repo (master)
$ git show
commit 07e4a4e01f85014eef7c21b128f1d09ef771c7a5 (HEAD -> master)
Author: Gabriel <gabrielfelix099@hotmail.com>
Date:   Mon Dec 1 08:54:40 2025 -0300

    feat/exercicio-3: Adicona os arquivos README, arquivo1 e arquivo2

diff --git a/README.md b/README.md
index e69de29..108af4c 100644
--- a/README.md
+++ b/README.md
@@ -0,0 +1 @@
+# Meu Primiro Repositório Git
\ No newline at end of file
diff --git a/arquivo1.txt b/arquivo1.txt
new file mode 100644
index 0000000..e69de29
diff --git a/arquivo2.txt b/arquivo2.txt
new file mode 100644
index 0000000..e69de29
