Gabriel@anna MINGW64 /c/Repositorios/meu-primeiro-repo (master)
$ git status
On branch master
Untracked files:
  (use "git add <file>..." to include in what will be committed)
        estados-git.txt
        exercicio1.txt
        exercicio3.txt
        tarefas.txt

nothing added to commit but untracked files present (use "git add" to track)

Gabriel@anna MINGW64 /c/Repositorios/meu-primeiro-repo (master)
$ git add tarefas.txt 

Gabriel@anna MINGW64 /c/Repositorios/meu-primeiro-repo (master)
$ git commit -m"feat/exercicio-4: Adiciona lista de tarefas iniciais"
[master a3c608b] feat/exercicio-4: Adiciona lista de tarefas iniciais
 1 file changed, 3 insertions(+)
 create mode 100644 tarefas.txt

Gabriel@anna MINGW64 /c/Repositorios/meu-primeiro-repo (master)
$ git status
On branch master
Changes not staged for commit:
  (use "git add <file>..." to update what will be committed)
  (use "git restore <file>..." to discard changes in working directory)
        modified:   tarefas.txt

Untracked files:
  (use "git add <file>..." to include in what will be committed)
        estados-git.txt
        exercicio1.txt
        exercicio3.txt

no changes added to commit (use "git add" and/or "git commit -a")

Gabriel@anna MINGW64 /c/Repositorios/meu-primeiro-repo (master)
$ git add tarefas.txt 

Gabriel@anna MINGW64 /c/Repositorios/meu-primeiro-repo (master)
$ git commit -m"feat/exercicio-4: Adiciona mais duas tarefas à lista"
[master 77ef090] feat/exercicio-4: Adiciona mais duas tarefas à lista
 1 file changed, 3 insertions(+), 1 deletion(-)

Gabriel@anna MINGW64 /c/Repositorios/meu-primeiro-repo (master)
$ git status
On branch master
Changes not staged for commit:
  (use "git add <file>..." to update what will be committed)
  (use "git restore <file>..." to discard changes in working directory)
        modified:   tarefas.txt

Untracked files:
  (use "git add <file>..." to include in what will be committed)
        estados-git.txt
        exercicio1.txt
        exercicio3.txt

no changes added to commit (use "git add" and/or "git commit -a")

Gabriel@anna MINGW64 /c/Repositorios/meu-primeiro-repo (master)
$ git add tarefas.txt 

Gabriel@anna MINGW64 /c/Repositorios/meu-primeiro-repo (master)
$ git commit -m"feat/exercicio-4: Marca primeira tarefa como concluída"
[master 86974b7] feat/exercicio-4: Marca primeira tarefa como concluída
 1 file changed, 1 insertion(+), 1 deletion(-)


############################################################################################################################################################################################

### git log - Mostra o histórico de commits do repositório apresentando a hash, o autor, a data e a mensagem do commit. 

Gabriel@anna MINGW64 /c/Repositorios/meu-primeiro-repo (master)
$ git log
commit 86974b7d2e529b249e7354be6f977e2ffb1921a3 (HEAD -> master)
Author: Gabriel <gabrielfelix099@hotmail.com>
Date:   Mon Dec 1 09:06:24 2025 -0300

    feat/exercicio-4: Marca primeira tarefa como concluída

commit 77ef090ceff05bce3cb1977492c4eb5800f3d441
Author: Gabriel <gabrielfelix099@hotmail.com>
Date:   Mon Dec 1 09:05:10 2025 -0300

    feat/exercicio-4: Adiciona mais duas tarefas à lista

commit a3c608b29ec74da2d2e75b77f5a6998c245d197d
Author: Gabriel <gabrielfelix099@hotmail.com>
Date:   Mon Dec 1 09:04:01 2025 -0300

    feat/exercicio-4: Adiciona lista de tarefas iniciais

commit 07e4a4e01f85014eef7c21b128f1d09ef771c7a5
Author: Gabriel <gabrielfelix099@hotmail.com>
Date:   Mon Dec 1 08:54:40 2025 -0300

    feat/exercicio-3: Adicona os arquivos README, arquivo1 e arquivo2

commit af3afd93e73217bb73e12ab2f8180b036d22878c
Author: Gabriel <gabrielfelix099@hotmail.com>
Date:   Mon Dec 1 08:50:38 2025 -0300

    feat/exercicio-03: Adiciona README inicial do projeto


### git log --oneline - Mostra os commits de forma mais resumida apenas em uma única linha, exibindo apenas o hash mais resumido e a mensagem do commit.

Gabriel@anna MINGW64 /c/Repositorios/meu-primeiro-repo (master)
$ git log --oneline
86974b7 (HEAD -> master) feat/exercicio-4: Marca primeira tarefa como concluída
77ef090 feat/exercicio-4: Adiciona mais duas tarefas à lista
a3c608b feat/exercicio-4: Adiciona lista de tarefas iniciais
07e4a4e feat/exercicio-3: Adicona os arquivos README, arquivo1 e arquivo2
af3afd9 feat/exercicio-03: Adiciona README inicial do projeto

### git log --oneline --graph - Assim como o comando "git log --oneline", mostra os commits de forma mais resumida apenas em uma única linha, exibindo apenas o hash mais resumido e a mensagem do commit, mas com o diferencial de mostrar as branches e merges. 

Gabriel@anna MINGW64 /c/Repositorios/meu-primeiro-repo (master)
$ git log --oneline --graph
* 86974b7 (HEAD -> master) feat/exercicio-4: Marca primeira tarefa como concluída
* 77ef090 feat/exercicio-4: Adiciona mais duas tarefas à lista
* a3c608b feat/exercicio-4: Adiciona lista de tarefas iniciais
* 07e4a4e feat/exercicio-3: Adicona os arquivos README, arquivo1 e arquivo2
* af3afd9 feat/exercicio-03: Adiciona README inicial do projeto

### git log -n 2 - Mostra apenas os dois últimos commits realizados.

Gabriel@anna MINGW64 /c/Repositorios/meu-primeiro-repo (master)
$ git log -n 2
commit 86974b7d2e529b249e7354be6f977e2ffb1921a3 (HEAD -> master)
Author: Gabriel <gabrielfelix099@hotmail.com>
Date:   Mon Dec 1 09:06:24 2025 -0300

    feat/exercicio-4: Marca primeira tarefa como concluída

commit 77ef090ceff05bce3cb1977492c4eb5800f3d441
Author: Gabriel <gabrielfelix099@hotmail.com>
Date:   Mon Dec 1 09:05:10 2025 -0300

    feat/exercicio-4: Adiciona mais duas tarefas à lista

### git log --author"Gabriel" - Mostra os histórico de commits realizados por um autor especifico. 

Gabriel@anna MINGW64 /c/Repositorios/meu-primeiro-repo (master)
$ git config user.name
Gabriel

Gabriel@anna MINGW64 /c/Repositorios/meu-primeiro-repo (master)
$ git log --author "Gabriel"
commit 86974b7d2e529b249e7354be6f977e2ffb1921a3 (HEAD -> master)
Author: Gabriel <gabrielfelix099@hotmail.com>
Date:   Mon Dec 1 09:06:24 2025 -0300

    feat/exercicio-4: Marca primeira tarefa como concluída

commit 77ef090ceff05bce3cb1977492c4eb5800f3d441
Author: Gabriel <gabrielfelix099@hotmail.com>
Date:   Mon Dec 1 09:05:10 2025 -0300

    feat/exercicio-4: Adiciona mais duas tarefas à lista

commit a3c608b29ec74da2d2e75b77f5a6998c245d197d
Author: Gabriel <gabrielfelix099@hotmail.com>
Date:   Mon Dec 1 09:04:01 2025 -0300

    feat/exercicio-4: Adiciona lista de tarefas iniciais

commit 07e4a4e01f85014eef7c21b128f1d09ef771c7a5
Author: Gabriel <gabrielfelix099@hotmail.com>
Date:   Mon Dec 1 08:54:40 2025 -0300

    feat/exercicio-3: Adicona os arquivos README, arquivo1 e arquivo2

commit af3afd93e73217bb73e12ab2f8180b036d22878c
Author: Gabriel <gabrielfelix099@hotmail.com>
Date:   Mon Dec 1 08:50:38 2025 -0300

    feat/exercicio-03: Adiciona README inicial do projeto
