Gabriel@anna MINGW64 /c/Repositorios
$ mkdir meu-primeiro-repo

Gabriel@anna MINGW64 /c/Repositorios
$ ls
admxp/  curso-git/  meu-primeiro-repo/  modulo-01-fundamentos-desenvolvimento/  respostas-modulo-01/

Gabriel@anna MINGW64 /c/Repositorios
$ cd meu-primeiro-repo/

Gabriel@anna MINGW64 /c/Repositorios/meu-primeiro-repo
$ git init
Initialized empty Git repository in C:/Repositorios/meu-primeiro-repo/.git/

Gabriel@anna MINGW64 /c/Repositorios/meu-primeiro-repo (master)
$ la -a
bash: la: command not found

Gabriel@anna MINGW64 /c/Repositorios/meu-primeiro-repo (master)
$ ls -a
./  ../  .git/

Gabriel@anna MINGW64 /c/Repositorios/meu-primeiro-repo (master)
$ git status
On branch master

No commits yet

nothing to commit (create/copy files and use "git add" to track)